
> ensemble@1.2.2 test
> vitest run


[1m[46m RUN [49m[22m [36mv4.0.17 [39m[90m/app[39m

[90mstdout[2m | tests/perf/identify-chord.bench.test.js[2m > [22m[2mChordAnalyzerLite identifyChord Performance[2m > [22m[2mmeasures throughput of identifyChord
[22m[39midentifyChord x 100000: 1681.06ms
Average: 16.8106µs per call

 [32m✓[39m tests/perf/identify-chord.bench.test.js [2m([22m[2m1 test[22m[2m)[22m[33m 1686[2mms[22m[39m
     [33m[2m✓[22m[39m measures throughput of identifyChord [33m 1684[2mms[22m[39m
 [32m✓[39m tests/unit/audio-analyzer.test.js [2m([22m[2m14 tests[22m[2m)[22m[33m 1960[2mms[22m[39m
       [33m[2m✓[22m[39m should analyze a 12-bar blues with accurate BPM and chords [33m 413[2mms[22m[39m
       [33m[2m✓[22m[39m should identify song sections based on energy [33m 454[2mms[22m[39m
[90mstdout[2m | tests/perf/bass.bench.test.js[2m > [22m[2mBass Logic Performance[2m > [22m[2mmeasures isBassActive performance for Bossa style
[22m[39misBassActive ('bossa', 10000000 iterations) took 1000.78ms

[90mstdout[2m | tests/perf/bass.bench.test.js[2m > [22m[2mBass Logic Performance[2m > [22m[2mOptimized: Direct Access (With Context)
[22m[39mOptimized Access (Run 1): 78.47ms

[90mstdout[2m | tests/perf/synth-chords.bench.test.js[2m > [22m[2mSynth Chords Performance[2m > [22m[2mmeasures playNote high-intensity performance
[22m[39mplayNote (Intensity 0.9) x 2000 took 1207.08ms

 [32m✓[39m tests/perf/synth-chords.bench.test.js [2m([22m[2m1 test[22m[2m)[22m[33m 1213[2mms[22m[39m
     [33m[2m✓[22m[39m measures playNote high-intensity performance [33m 1211[2mms[22m[39m
[90mstdout[2m | tests/perf/bass.bench.test.js[2m > [22m[2mBass Logic Performance[2m > [22m[2mLegacy: Linear Lookup (No Context)
[22m[39mLegacy Lookup (Run 2): 391.58ms

 [32m✓[39m tests/perf/bass.bench.test.js [2m([22m[2m3 tests[22m[2m)[22m[33m 1478[2mms[22m[39m
     [33m[2m✓[22m[39m measures isBassActive performance for Bossa style [33m 1004[2mms[22m[39m
     [33m[2m✓[22m[39m Legacy: Linear Lookup (No Context) [33m 392[2mms[22m[39m
 [32m✓[39m tests/integration/genre-integrity.test.js [2m([22m[2m6 tests[22m[2m)[22m[33m 3393[2mms[22m[39m
     [33m[2m✓[22m[39m should run Jazz for 1000 measures without invalid output [33m 818[2mms[22m[39m
     [33m[2m✓[22m[39m should run Funk for 1000 measures without invalid output [33m 718[2mms[22m[39m
     [33m[2m✓[22m[39m should run Reggae for 1000 measures without invalid output [33m 864[2mms[22m[39m
     [33m[2m✓[22m[39m should run Rock for 1000 measures without invalid output [33m 964[2mms[22m[39m
[90mstdout[2m | tests/perf/synth-drums.bench.test.js[2m > [22m[2mDrum Synth Performance[2m > [22m[2mmeasures playDrumSound loop performance
[22m[39mplayDrumSound x 1000 took 697.34ms

 [32m✓[39m tests/perf/synth-drums.bench.test.js [2m([22m[2m1 test[22m[2m)[22m[33m 710[2mms[22m[39m
     [33m[2m✓[22m[39m measures playDrumSound loop performance [33m 708[2mms[22m[39m
 [32m✓[39m tests/unit/system/harmonic-audit.test.js [2m([22m[2m34 tests[22m[2m)[22m[33m 607[2mms[22m[39m
 [32m✓[39m tests/ui/modal-focus.test.jsx [2m([22m[2m3 tests[22m[2m)[22m[33m 616[2mms[22m[39m
[90mstdout[2m | tests/perf/visualizer-render.bench.test.js[2m > [22m[2mUnifiedVisualizer Render Benchmark[2m > [22m[2mbenchmarks render loop
[22m[39mRendered 50000 frames in 469.16ms
Average: 0.0094ms per frame

 [32m✓[39m tests/perf/visualizer-render.bench.test.js [2m([22m[2m1 test[22m[2m)[22m[33m 490[2mms[22m[39m
     [33m[2m✓[22m[39m benchmarks render loop [33m 488[2mms[22m[39m
 [32m✓[39m tests/unit/system/stress-endurance.test.js [2m([22m[2m1 test[22m[2m)[22m[33m 402[2mms[22m[39m
     [33m[2m✓[22m[39m should maintain a stable memory footprint over 1000 simulated measures [33m 400[2mms[22m[39m
[90mstdout[2m | tests/perf/soloist.bench.test.js[2m > [22m[2mSoloist Performance Benchmark[2m > [22m[2mmeasures getSoloistNote loop performance
[22m[39mgetSoloistNote x 50000 took 306.78ms

 [32m✓[39m tests/perf/soloist.bench.test.js [2m([22m[2m1 test[22m[2m)[22m[33m 312[2mms[22m[39m
     [33m[2m✓[22m[39m measures getSoloistNote loop performance [33m 310[2mms[22m[39m
[90mstderr[2m | tests/unit/chord-profiles.test.js[2m > [22m[2mComprehensive Chord Recognition[2m > [22m[2mshould identify C (maj)
[22m[39m[Analyzer-Lite] Alignment offset (0.520s) leaves insufficient data (< 1 beat). Resetting to 0.

[90mstderr[2m | tests/unit/chord-profiles.test.js[2m > [22m[2mComprehensive Chord Recognition[2m > [22m[2mshould identify C7 (7)
[22m[39m[Analyzer-Lite] Alignment offset (0.520s) leaves insufficient data (< 1 beat). Resetting to 0.

[90mstderr[2m | tests/unit/chord-profiles.test.js[2m > [22m[2mComprehensive Chord Recognition[2m > [22m[2mshould identify Cmaj7 (maj7)
[22m[39m[Analyzer-Lite] Alignment offset (0.520s) leaves insufficient data (< 1 beat). Resetting to 0.

[90mstderr[2m | tests/unit/chord-profiles.test.js[2m > [22m[2mComprehensive Chord Recognition[2m > [22m[2mshould identify Csus4 (sus4)
[22m[39m[Analyzer-Lite] Alignment offset (0.620s) leaves insufficient data (< 1 beat). Resetting to 0.

[90mstderr[2m | tests/unit/chord-profiles.test.js[2m > [22m[2mComprehensive Chord Recognition[2m > [22m[2mshould identify Cm7 (m7)
[22m[39m[Analyzer-Lite] Alignment offset (0.920s) leaves insufficient data (< 1 beat). Resetting to 0.

[90mstderr[2m | tests/unit/chord-profiles.test.js[2m > [22m[2mComprehensive Chord Recognition[2m > [22m[2mSlash Chords (Inversions)[2m > [22m[2mshould identify Am/G (Minor 7th in bass? No, G is 7th of Am)
[22m[39m[Analyzer-Lite] Alignment offset (0.830s) leaves insufficient data (< 1 beat). Resetting to 0.

 [32m✓[39m tests/unit/chord-profiles.test.js [2m([22m[2m13 tests[22m[2m)[22m[33m 340[2mms[22m[39m
 [32m✓[39m tests/ui/modal-song-generator.test.jsx [2m([22m[2m3 tests[22m[2m)[22m[33m 400[2mms[22m[39m
 [32m✓[39m tests/unit/system/harmonic-fuzz.test.js [2m([22m[2m5 tests[22m[2m)[22m[33m 404[2mms[22m[39m
     [33m[2m✓[22m[39m should never throw when parsing random junk strings [33m 389[2mms[22m[39m
 [32m✓[39m tests/unit/system/voice-exhaustion.test.js [2m([22m[2m3 tests[22m[2m)[22m[33m 357[2mms[22m[39m
[90mstdout[2m | tests/integration/audio-snapshot.test.js[2m > [22m[2mAudio Engine Snapshot Regression[2m > [22m[2mshould produce a deterministic audio schedule for a Jazz Blues progression
[22m[39m[AudioWatchdog] Monitoring started.

[90mstderr[2m | tests/integration/audio-snapshot.test.js[2m > [22m[2mAudio Engine Snapshot Regression[2m > [22m[2mshould produce a deterministic audio schedule for a Jazz Blues progression
[22m[39m[AudioWatchdog] createAnalyser not supported by current AudioContext.

 [32m✓[39m tests/ui/global-shortcuts.test.jsx [2m([22m[2m3 tests[22m[2m)[22m[33m 324[2mms[22m[39m
 [32m✓[39m tests/integration/audio-snapshot.test.js [2m([22m[2m1 test[22m[2m)[22m[32m 277[2mms[22m[39m
 [32m✓[39m tests/ui/ui-layout.test.jsx [2m([22m[2m9 tests[22m[2m)[22m[32m 220[2mms[22m[39m
 [32m✓[39m tests/standards/progression-audit.test.js [2m([22m[2m34 tests[22m[2m)[22m[32m 177[2mms[22m[39m
[90mstdout[2m | tests/perf/audio-chromagram.bench.test.js[2m > [22m[2mChordAnalyzerLite Chromagram Performance[2m > [22m[2mmeasures calculateChromagram performance with restricted range
[22m[39mcalculateChromagram (1000 iter, minMidi: 48, maxMidi: 88) took 206.29ms

 [32m✓[39m tests/perf/audio-chromagram.bench.test.js [2m([22m[2m1 test[22m[2m)[22m[32m 213[2mms[22m[39m
 [32m✓[39m tests/unit/engines/soloist-stagnation.test.js [2m([22m[2m3 tests[22m[2m)[22m[32m 124[2mms[22m[39m
 [32m✓[39m tests/unit/engines/soloist-logic.test.js [2m([22m[2m21 tests[22m[2m)[22m[32m 223[2mms[22m[39m
 [32m✓[39m tests/unit/components/SequencerGrid-a11y.test.jsx [2m([22m[2m4 tests[22m[2m)[22m[32m 203[2mms[22m[39m
[90mstdout[2m | tests/perf/audio-buffer.bench.test.js[2m > [22m[2mAudio Buffer Management Performance[2m > [22m[2mmeasures Legacy vs Optimized buffering strategy
[22m[39m
Performance Results (1000 iterations):
Legacy Method:    91.66ms
Optimized Method: 33.74ms
Improvement:      2.72x faster


 [32m✓[39m tests/perf/audio-buffer.bench.test.js [2m([22m[2m1 test[22m[2m)[22m[32m 130[2mms[22m[39m
[90mstdout[2m | tests/unit/mix-integrity.test.js[2m > [22m[2mMix & Signal Integrity Audit[2m > [22m[2mshould correctly assemble the master chain (Gain -> Saturator -> Limiter -> Dest)
[22m[39m[AudioWatchdog] Monitoring started.

[90mstderr[2m | tests/unit/mix-integrity.test.js[2m > [22m[2mMix & Signal Integrity Audit[2m > [22m[2mshould correctly assemble the master chain (Gain -> Saturator -> Limiter -> Dest)
[22m[39m[AudioWatchdog] createAnalyser not supported by current AudioContext.

[90mstderr[2m | tests/unit/mix-integrity.test.js[2m > [22m[2mMix & Signal Integrity Audit[2m > [22m[2mshould apply safety limiter settings to prevent hard clipping
[22m[39m[AudioWatchdog] createAnalyser not supported by current AudioContext.

[90mstderr[2m | tests/unit/mix-integrity.test.js[2m > [22m[2mMix & Signal Integrity Audit[2m > [22m[2mshould route all instrument buses through the master gain
[22m[39m[AudioWatchdog] createAnalyser not supported by current AudioContext.

[90mstderr[2m | tests/unit/mix-integrity.test.js[2m > [22m[2mMix & Signal Integrity Audit[2m > [22m[2mshould protect the bass bus with its own compressor
[22m[39m[AudioWatchdog] createAnalyser not supported by current AudioContext.

[90mstderr[2m | tests/unit/mix-integrity.test.js[2m > [22m[2mMix & Signal Integrity Audit[2m > [22m[2mshould verify that mixer gain multipliers are correctly applied
[22m[39m[AudioWatchdog] createAnalyser not supported by current AudioContext.

[90mstderr[2m | tests/unit/mix-integrity.test.js[2m > [22m[2mMix & Signal Integrity Audit[2m > [22m[2mshould ensure the saturator uses an oversampled soft-clip curve
[22m[39m[AudioWatchdog] createAnalyser not supported by current AudioContext.

[90mstderr[2m | tests/unit/mix-integrity.test.js[2m > [22m[2mMix & Signal Integrity Audit[2m > [22m[2mshould maintain cumulative gain below 1.0 before the limiter
[22m[39m[AudioWatchdog] createAnalyser not supported by current AudioContext.

[90mstderr[2m | tests/unit/mix-integrity.test.js[2m > [22m[2mMix & Signal Integrity Audit[2m > [22m[2mshould calculate master gain correctly (Headroom Check)
[22m[39m[AudioWatchdog] createAnalyser not supported by current AudioContext.

 [32m✓[39m tests/unit/mix-integrity.test.js [2m([22m[2m8 tests[22m[2m)[22m[32m 114[2mms[22m[39m
[90mstdout[2m | tests/perf/bird_density.test.js[2m > [22m[2mBird Soloist Density Analysis[2m > [22m[2manalyzes density and intervals at 120 vs 200 BPM
[22m[39m
--- Bird Analysis ---
120 BPM -> Density: 0.70, Avg Interval: 4.59 semitones
200 BPM -> Density: 0.71, Avg Interval: 4.83 semitones

 [32m✓[39m tests/perf/bird_density.test.js [2m([22m[2m1 test[22m[2m)[22m[32m 84[2mms[22m[39m
 [32m✓[39m tests/unit/visualizer.test.js [2m([22m[2m11 tests[22m[2m)[22m[32m 128[2mms[22m[39m
 [32m✓[39m tests/unit/engines/soloist-country.test.js [2m([22m[2m10 tests[22m[2m)[22m[32m 89[2mms[22m[39m
 [32m✓[39m tests/unit/system/worker-sync.test.js [2m([22m[2m6 tests[22m[2m)[22m[32m 110[2mms[22m[39m
[90mstdout[2m | tests/unit/system/cross-browser.test.js[2m > [22m[2mCross-Browser & Hardware Heuristics[2m > [22m[2mshould correctly initialize with a 48kHz sample rate (Mac/iOS standard)
[22m[39m[AudioWatchdog] Monitoring started.

[90mstderr[2m | tests/unit/system/cross-browser.test.js[2m > [22m[2mCross-Browser & Hardware Heuristics[2m > [22m[2mshould correctly initialize with a 48kHz sample rate (Mac/iOS standard)
[22m[39m[AudioWatchdog] createAnalyser not supported by current AudioContext.

[90mstderr[2m | tests/unit/system/cross-browser.test.js[2m > [22m[2mCross-Browser & Hardware Heuristics[2m > [22m[2mshould automatically attempt to resume audio if suspended while playing (Safari fix)
[22m[39m[AudioWatchdog] createAnalyser not supported by current AudioContext.

[90mstdout[2m | tests/perf/accompaniment.bench.test.js[2m > [22m[2mAccompaniment Performance[2m > [22m[2mmeasures getAccompanimentNotes performance with sticky genre logic
[22m[39mgetAccompanimentNotes (100000 iterations, Funk style) took 87.73ms

 [32m✓[39m tests/perf/accompaniment.bench.test.js [2m([22m[2m1 test[22m[2m)[22m[32m 92[2mms[22m[39m
[90mstderr[2m | tests/unit/system/cross-browser.test.js[2m > [22m[2mCross-Browser & Hardware Heuristics[2m > [22m[2mshould compensate for hardware output latency in visualizer timing
[22m[39m[AudioWatchdog] createAnalyser not supported by current AudioContext.

[90mstderr[2m | tests/unit/system/cross-browser.test.js[2m > [22m[2mCross-Browser & Hardware Heuristics[2m > [22m[2mshould fallback to OS-specific defaults if outputLatency is not reported
[22m[39m[AudioWatchdog] createAnalyser not supported by current AudioContext.

[90mstderr[2m | tests/unit/system/cross-browser.test.js[2m > [22m[2mCross-Browser & Hardware Heuristics[2m > [22m[2mshould use higher fallback latency for Safari/Firefox
[22m[39m[AudioWatchdog] createAnalyser not supported by current AudioContext.

 [32m✓[39m tests/unit/system/cross-browser.test.js [2m([22m[2m5 tests[22m[2m)[22m[32m 107[2mms[22m[39m
 [32m✓[39m tests/unit/presets.test.js [2m([22m[2m2 tests[22m[2m)[22m[32m 82[2mms[22m[39m
 [32m✓[39m tests/standards/blues-improvisation.test.js [2m([22m[2m5 tests[22m[2m)[22m[32m 81[2mms[22m[39m
[90mstdout[2m | tests/perf/audio-analyzer.bench.test.js[2m > [22m[2mChordAnalyzerLite Performance[2m > [22m[2mmeasures identifyPulse performance with large signal
[22m[39midentifyPulse (30s audio) took 20.56ms

 [32m✓[39m tests/perf/audio-analyzer.bench.test.js [2m([22m[2m1 test[22m[2m)[22m[32m 54[2mms[22m[39m
[90mstdout[2m | tests/unit/dsp-safety.test.js[2m > [22m[2mDSP & Signal Safety[2m > [22m[2mshould adjust master limiter based on band intensity to prevent clipping
[22m[39m[AudioWatchdog] Monitoring started.

[90mstderr[2m | tests/unit/dsp-safety.test.js[2m > [22m[2mDSP & Signal Safety[2m > [22m[2mshould adjust master limiter based on band intensity to prevent clipping
[22m[39m[AudioWatchdog] createAnalyser not supported by current AudioContext.

[90mstderr[2m | tests/unit/dsp-safety.test.js[2m > [22m[2mDSP & Signal Safety[2m > [22m[2mshould ensure all instrument reverb sends are within safe bounds
[22m[39m[AudioWatchdog] createAnalyser not supported by current AudioContext.

 [32m✓[39m tests/unit/dsp-safety.test.js [2m([22m[2m3 tests[22m[2m)[22m[32m 77[2mms[22m[39m
[90mstdout[2m | tests/perf/chords.bench.test.js[2m > [22m[2mChords Logic Performance[2m > [22m[2mmeasures validateProgression performance avoiding redundant parsing
[22m[39mvalidateProgression (500 sections, 1 repeat each) took 41.07ms

 [32m✓[39m tests/perf/chords.bench.test.js [2m([22m[2m1 test[22m[2m)[22m[32m 51[2mms[22m[39m
[90mstderr[2m | tests/unit/security/deserialization.test.js[2m > [22m[2mSecurity: Deserialization[2m > [22m[2mshould handle malformed JSON gracefully
[22m[39mFailed to decompress sections SyntaxError: Expected property name or '}' in JSON at position 1 (line 1 column 2)
    at JSON.parse (<anonymous>)
    at decompressSections [90m(/app/[39mpublic/utils.js:116:31[90m)[39m
    at [90m/app/[39mtests/unit/security/deserialization.test.js:8:42
    at [90mfile:///app/[39mnode_modules/[4m@vitest/runner[24m/dist/index.js:145:11
    at [90mfile:///app/[39mnode_modules/[4m@vitest/runner[24m/dist/index.js:915:26
    at [90mfile:///app/[39mnode_modules/[4m@vitest/runner[24m/dist/index.js:1243:20
    at new Promise (<anonymous>)
    at runWithTimeout [90m(file:///app/[39mnode_modules/[4m@vitest/runner[24m/dist/index.js:1209:10[90m)[39m
    at [90mfile:///app/[39mnode_modules/[4m@vitest/runner[24m/dist/index.js:1653:37
    at Traces.$ [90m(file:///app/[39mnode_modules/[4mvitest[24m/dist/chunks/traces.CCmnQaNT.js:142:27[90m)[39m

[90mstderr[2m | tests/unit/security/deserialization.test.js[2m > [22m[2mSecurity: Deserialization[2m > [22m[2mshould limit the number of decompressed sections
[22m[39mFailed to decompress sections Error: Payload too large
    at decompressSections [90m(/app/[39mpublic/utils.js:111:40[90m)[39m
    at [90m/app/[39mtests/unit/security/deserialization.test.js:22:42
    at [90mfile:///app/[39mnode_modules/[4m@vitest/runner[24m/dist/index.js:145:11
    at [90mfile:///app/[39mnode_modules/[4m@vitest/runner[24m/dist/index.js:915:26
    at [90mfile:///app/[39mnode_modules/[4m@vitest/runner[24m/dist/index.js:1243:20
    at new Promise (<anonymous>)
    at runWithTimeout [90m(file:///app/[39mnode_modules/[4m@vitest/runner[24m/dist/index.js:1209:10[90m)[39m
    at [90mfile:///app/[39mnode_modules/[4m@vitest/runner[24m/dist/index.js:1653:37
    at Traces.$ [90m(file:///app/[39mnode_modules/[4mvitest[24m/dist/chunks/traces.CCmnQaNT.js:142:27[90m)[39m
    at trace [90m(file:///app/[39mnode_modules/[4mvitest[24m/dist/chunks/test.B8ej_ZHS.js:239:21[90m)[39m

 [32m✓[39m tests/unit/security/deserialization.test.js [2m([22m[2m3 tests[22m[2m)[22m[32m 51[2mms[22m[39m
 [32m✓[39m tests/ui/arranger-grouping.test.jsx [2m([22m[2m1 test[22m[2m)[22m[32m 59[2mms[22m[39m
 [32m✓[39m tests/ui/system-smoke.test.js [2m([22m[2m2 tests[22m[2m)[22m[32m 56[2mms[22m[39m
 [32m✓[39m tests/ui/a11y.test.js [2m([22m[2m6 tests[22m[2m)[22m[32m 44[2mms[22m[39m
 [32m✓[39m tests/unit/components/GroovePanel-a11y.test.jsx [2m([22m[2m2 tests[22m[2m)[22m[32m 51[2mms[22m[39m
 [32m✓[39m tests/unit/synthesis/soloist-synthesis.test.js [2m([22m[2m6 tests[22m[2m)[22m[32m 28[2mms[22m[39m
 [32m✓[39m tests/unit/synthesis/drums-synthesis.test.js [2m([22m[2m5 tests[22m[2m)[22m[32m 41[2mms[22m[39m
 [32m✓[39m tests/unit/melody-intelligence.test.js [2m([22m[2m2 tests[22m[2m)[22m[32m 36[2mms[22m[39m
[90mstdout[2m | tests/unit/engines/soloist-range.test.js[2m > [22m[2mSoloist Range Constraints[2m > [22m[2mshould generally stay above C3 (MIDI 48), with rare exceptions
[22m[39mViolations (<48): 0/539 (0.00%)
Lowest MIDI observed: [33m48[39m

 [32m✓[39m tests/unit/engines/soloist-range.test.js [2m([22m[2m1 test[22m[2m)[22m[32m 38[2mms[22m[39m
 [32m✓[39m tests/unit/components/Transport.test.jsx [2m([22m[2m3 tests[22m[2m)[22m[32m 38[2mms[22m[39m
 [32m✓[39m tests/unit/engines/bass-logic.test.js [2m([22m[2m20 tests[22m[2m)[22m[32m 33[2mms[22m[39m
 [32m✓[39m tests/unit/theme-cache.test.js [2m([22m[2m4 tests[22m[2m)[22m[32m 31[2mms[22m[39m
 [32m✓[39m tests/standards/stella-by-starlight.test.js [2m([22m[2m4 tests[22m[2m)[22m[32m 26[2mms[22m[39m
 [32m✓[39m tests/ui/tap-tempo.test.jsx [2m([22m[2m1 test[22m[2m)[22m[32m 27[2mms[22m[39m
[90mstdout[2m | tests/perf/visualizer-draw-calls.test.js[2m > [22m[2mUnifiedVisualizer Optimization Check[2m > [22m[2mcounts draw calls per frame
[22m[39mStroke calls: 4
BeginPath calls: 4
FillRect calls: 6
DrawImage calls: 1

 [32m✓[39m tests/perf/visualizer-draw-calls.test.js [2m([22m[2m1 test[22m[2m)[22m[32m 24[2mms[22m[39m
 [32m✓[39m tests/unit/engines/drums-logic.test.js [2m([22m[2m34 tests[22m[2m)[22m[32m 24[2mms[22m[39m
 [32m✓[39m tests/unit/synthesis/bass-synthesis.test.js [2m([22m[2m7 tests[22m[2m)[22m[32m 22[2mms[22m[39m
[90mstdout[2m | tests/perf/visualizer-font-optimization.test.js[2m > [22m[2mUnifiedVisualizer Font Optimization[2m > [22m[2mmeasures redundant font property assignments per frame
[22m[39mctx.font sets: 1
ctx.textAlign sets: 1
ctx.textBaseline sets: 1

 [32m✓[39m tests/perf/visualizer-font-optimization.test.js [2m([22m[2m1 test[22m[2m)[22m[32m 21[2mms[22m[39m
 [32m✓[39m tests/unit/system/export-logic.test.js [2m([22m[2m9 tests[22m[2m)[22m[32m 23[2mms[22m[39m
 [32m✓[39m tests/standards/ornithology.test.js [2m([22m[2m3 tests[22m[2m)[22m[32m 22[2mms[22m[39m
[90mstdout[2m | tests/perf/worker_search.bench.test.js[2m > [22m[2mWorker Search Performance[2m > [22m[2mmeasures linear scan performance
[22m[39mSequential scan of 16000 steps (Map size: 4000): 6.60ms
Random access (1000 lookups): 7.83ms

 [32m✓[39m tests/perf/worker_search.bench.test.js [2m([22m[2m1 test[22m[2m)[22m[32m 20[2mms[22m[39m
[90mstdout[2m | tests/perf/getStepInfo.bench.test.js[2m > [22m[2mgetStepInfo Performance[2m > [22m[2mBenchmark getStepInfo lookup
[22m[39mgetStepInfo duration for 10000 lookups: 11.86ms

 [32m✓[39m tests/perf/getStepInfo.bench.test.js [2m([22m[2m1 test[22m[2m)[22m[32m 16[2mms[22m[39m
 [32m✓[39m tests/standards/giant-steps.test.js [2m([22m[2m4 tests[22m[2m)[22m[32m 20[2mms[22m[39m
 [32m✓[39m tests/standards/rhythm-changes.test.js [2m([22m[2m6 tests[22m[2m)[22m[32m 19[2mms[22m[39m
 [32m✓[39m tests/unit/system/arranger-controller.test.js [2m([22m[2m11 tests[22m[2m)[22m[32m 16[2mms[22m[39m
 [32m✓[39m tests/standards/musical-sanity.test.js [2m([22m[2m5 tests[22m[2m)[22m[32m 15[2mms[22m[39m
 [32m✓[39m tests/unit/synthesis/soloist-presets.test.js [2m([22m[2m5 tests[22m[2m)[22m[32m 20[2mms[22m[39m
 [32m✓[39m tests/unit/system/clock-drift.test.js [2m([22m[2m3 tests[22m[2m)[22m[32m 9[2mms[22m[39m
 [32m✓[39m tests/unit/system/arrangement-logic.test.js [2m([22m[2m9 tests[22m[2m)[22m[32m 18[2mms[22m[39m
 [32m✓[39m tests/unit/system/midi-overlap.test.js [2m([22m[2m6 tests[22m[2m)[22m[32m 18[2mms[22m[39m
 [32m✓[39m tests/unit/system/velocity-normalization.test.js [2m([22m[2m2 tests[22m[2m)[22m[32m 16[2mms[22m[39m
 [32m✓[39m tests/standards/jazz-anthology.test.js [2m([22m[2m6 tests[22m[2m)[22m[32m 16[2mms[22m[39m
[90mstdout[2m | tests/perf/arranger-reorder.bench.test.js[2m > [22m[2mArranger Reorder Performance[2m > [22m[2mmeasures section reordering performance
[22m[39mReordering 5000 sections took 10.60ms

 [32m✓[39m tests/perf/arranger-reorder.bench.test.js [2m([22m[2m1 test[22m[2m)[22m[32m 18[2mms[22m[39m
 [32m✓[39m tests/unit/engines/harmonies-logic.test.js [2m([22m[2m15 tests[22m[2m)[22m[32m 17[2mms[22m[39m
 [32m✓[39m tests/unit/engines/chords-logic.test.js [2m([22m[2m15 tests[22m[2m)[22m[32m 16[2mms[22m[39m
 [32m✓[39m tests/standards/all-the-things.test.js [2m([22m[2m4 tests[22m[2m)[22m[32m 16[2mms[22m[39m
 [32m✓[39m tests/standards/jazz-comping-integrity.test.js [2m([22m[2m6 tests[22m[2m)[22m[32m 15[2mms[22m[39m
 [32m✓[39m tests/standards/andalusian.test.js [2m([22m[2m3 tests[22m[2m)[22m[32m 16[2mms[22m[39m
 [32m✓[39m tests/unit/synthesis/latin-drums-synthesis.test.js [2m([22m[2m6 tests[22m[2m)[22m[32m 15[2mms[22m[39m
 [32m✓[39m tests/integration/genre-expansion.test.js [2m([22m[2m11 tests[22m[2m)[22m[32m 15[2mms[22m[39m
 [32m✓[39m tests/standards/cherokee.test.js [2m([22m[2m2 tests[22m[2m)[22m[32m 13[2mms[22m[39m
 [32m✓[39m tests/unit/utils.test.js [2m([22m[2m22 tests[22m[2m)[22m[32m 13[2mms[22m[39m
[90mstderr[2m | tests/unit/security/storage-resilience.test.js[2m > [22m[2mStorage Security Resilience[2m > [22m[2mshould return default value when localStorage contains invalid JSON (Fixed)
[22m[39m[State] Failed to load testKey from storage: SyntaxError: Expected property name or '}' in JSON at position 1 (line 1 column 2)
    at JSON.parse (<anonymous>)
    at Object.get [90m(/app/[39mpublic/state.js:52:25[90m)[39m
    at [90m/app/[39mtests/unit/security/storage-resilience.test.js:32:32
    at [90mfile:///app/[39mnode_modules/[4m@vitest/runner[24m/dist/index.js:145:11
    at [90mfile:///app/[39mnode_modules/[4m@vitest/runner[24m/dist/index.js:915:26
    at [90mfile:///app/[39mnode_modules/[4m@vitest/runner[24m/dist/index.js:1243:20
    at new Promise (<anonymous>)
    at runWithTimeout [90m(file:///app/[39mnode_modules/[4m@vitest/runner[24m/dist/index.js:1209:10[90m)[39m
    at [90mfile:///app/[39mnode_modules/[4m@vitest/runner[24m/dist/index.js:1653:37
    at Traces.$ [90m(file:///app/[39mnode_modules/[4mvitest[24m/dist/chunks/traces.CCmnQaNT.js:142:27[90m)[39m

 [32m✓[39m tests/unit/security/storage-resilience.test.js [2m([22m[2m3 tests[22m[2m)[22m[32m 14[2mms[22m[39m
 [32m✓[39m tests/standards/royal-road.test.js [2m([22m[2m2 tests[22m[2m)[22m[32m 14[2mms[22m[39m
 [32m✓[39m tests/unit/security/url-validation.test.js [2m([22m[2m11 tests[22m[2m)[22m[32m 11[2mms[22m[39m
 [32m✓[39m tests/standards/autumn-leaves.test.js [2m([22m[2m3 tests[22m[2m)[22m[32m 14[2mms[22m[39m
 [32m✓[39m tests/standards/neo-soul.test.js [2m([22m[2m4 tests[22m[2m)[22m[32m 13[2mms[22m[39m
[90mstdout[2m | tests/unit/form-organization.test.js[2m > [22m[2mForm Extractor - Lead Sheet Logic[2m > [22m[2mshould identify a standard 12-Bar Blues as a single repeating section
[22m[39mBlues Sections: [ [32m'Section A (3)'[39m ]

[90mstdout[2m | tests/unit/form-organization.test.js[2m > [22m[2mForm Extractor - Lead Sheet Logic[2m > [22m[2mshould identify House of the Rising Sun as repeating verses
[22m[39mRising Sun Sections: [ [32m'Section A (2)'[39m ]

[90mstdout[2m | tests/unit/form-organization.test.js[2m > [22m[2mForm Extractor - Lead Sheet Logic[2m > [22m[2mshould handle AABA form correctly
[22m[39mAABA Sections: [ [32m'Section A (2)'[39m, [32m'Section B (1)'[39m, [32m'Section C (1)'[39m, [32m'Section A (1)'[39m ]

[90mstdout[2m | tests/unit/form-organization.test.js[2m > [22m[2mForm Extractor - Lead Sheet Logic[2m > [22m[2mshould handle slight variations (The "Fuzzy" Test)
[22m[39mFuzzy Sections: [ [32m'Section A: C | Am | F | G | C | Am | F | G7'[39m ]

[90mstdout[2m | tests/unit/form-organization.test.js[2m > [22m[2mForm Extractor - Lead Sheet Logic[2m > [22m[2mshould identify Amazing Grace (16 bar)
[22m[39mAmazing Grace Sections: [ [32m'Section A (2)'[39m ]

 [32m✓[39m tests/unit/form-organization.test.js [2m([22m[2m5 tests[22m[2m)[22m[32m 11[2mms[22m[39m
 [32m✓[39m tests/unit/engines/bass-rocco-disco.test.js [2m([22m[2m7 tests[22m[2m)[22m[32m 11[2mms[22m[39m
 [32m✓[39m tests/unit/engines/accompaniment-logic.test.js [2m([22m[2m7 tests[22m[2m)[22m[32m 13[2mms[22m[39m
 [32m✓[39m tests/unit/synthesis/chords-synthesis.test.js [2m([22m[2m5 tests[22m[2m)[22m[32m 12[2mms[22m[39m
 [32m✓[39m tests/unit/system/sharing-hydration.test.js [2m([22m[2m2 tests[22m[2m)[22m[32m 8[2mms[22m[39m
 [32m✓[39m tests/standards/comping-consistency.test.js [2m([22m[2m4 tests[22m[2m)[22m[32m 9[2mms[22m[39m
 [32m✓[39m tests/unit/system/worker-resilience.test.js [2m([22m[2m3 tests[22m[2m)[22m[32m 10[2mms[22m[39m
 [32m✓[39m tests/unit/system/conductor.test.js [2m([22m[2m5 tests[22m[2m)[22m[32m 9[2mms[22m[39m
 [32m✓[39m tests/unit/time-signature.test.js [2m([22m[2m8 tests[22m[2m)[22m[32m 8[2mms[22m[39m
 [32m✓[39m tests/unit/augmented-chords.test.js [2m([22m[2m10 tests[22m[2m)[22m[32m 10[2mms[22m[39m
 [32m✓[39m tests/unit/melody-harmonizer.test.js [2m([22m[2m4 tests[22m[2m)[22m[32m 8[2mms[22m[39m
 [32m✓[39m tests/unit/system/scheduler.test.js [2m([22m[2m1 test[22m[2m)[22m[32m 10[2mms[22m[39m
 [32m✓[39m tests/unit/system/phase-integrity.test.js [2m([22m[2m3 tests[22m[2m)[22m[32m 8[2mms[22m[39m
 [32m✓[39m tests/unit/system/jazz-blues-intensity.test.js [2m([22m[2m3 tests[22m[2m)[22m[32m 8[2mms[22m[39m
 [32m✓[39m tests/unit/system/audio-recovery.test.js [2m([22m[2m4 tests[22m[2m)[22m[32m 8[2mms[22m[39m
 [32m✓[39m tests/unit/system/persistence.test.js [2m([22m[2m2 tests[22m[2m)[22m[32m 9[2mms[22m[39m
 [32m✓[39m tests/unit/system/midi-input.test.js [2m([22m[2m3 tests[22m[2m)[22m[32m 7[2mms[22m[39m
 [32m✓[39m tests/unit/system/harmonic-continuity.test.js [2m([22m[2m2 tests[22m[2m)[22m[32m 8[2mms[22m[39m
 [32m✓[39m tests/unit/dsp-clamping.test.js [2m([22m[2m4 tests[22m[2m)[22m[32m 5[2mms[22m[39m
 [32m✓[39m tests/integration/modulation-scales.test.js [2m([22m[2m1 test[22m[2m)[22m[32m 7[2mms[22m[39m
 [32m✓[39m tests/unit/system/smart-genre-switching.test.js [2m([22m[2m3 tests[22m[2m)[22m[32m 6[2mms[22m[39m
 [32m✓[39m tests/unit/system/time-signature-transitions.test.js [2m([22m[2m3 tests[22m[2m)[22m[32m 7[2mms[22m[39m
 [32m✓[39m tests/unit/system/engine-logic.test.js [2m([22m[2m3 tests[22m[2m)[22m[32m 6[2mms[22m[39m
 [32m✓[39m tests/unit/system/history.test.js [2m([22m[2m4 tests[22m[2m)[22m[32m 6[2mms[22m[39m
 [32m✓[39m tests/unit/resolution.test.js [2m([22m[2m2 tests[22m[2m)[22m[32m 6[2mms[22m[39m
 [32m✓[39m tests/unit/system/congested-main-thread.test.js [2m([22m[2m2 tests[22m[2m)[22m[32m 7[2mms[22m[39m
 [32m✓[39m tests/unit/security/sentinel_sanitization.test.js [2m([22m[2m4 tests[22m[2m)[22m[32m 6[2mms[22m[39m
 [32m✓[39m tests/ui/viz-frame-budget.test.js [2m([22m[2m3 tests[22m[2m)[22m[32m 6[2mms[22m[39m
 [32m✓[39m tests/unit/system/pwa-integrity.test.js [2m([22m[2m2 tests[22m[2m)[22m[32m 5[2mms[22m[39m
 [32m✓[39m tests/unit/security/xss.test.js [2m([22m[2m6 tests[22m[2m)[22m[32m 6[2mms[22m[39m
 [32m✓[39m tests/unit/system/smart-genre-updates.test.js [2m([22m[2m1 test[22m[2m)[22m[32m 5[2mms[22m[39m
 [32m✓[39m tests/unit/form-healing.test.js [2m([22m[2m1 test[22m[2m)[22m[32m 5[2mms[22m[39m
 [32m✓[39m tests/unit/dissonance-prevention.test.js [2m([22m[2m2 tests[22m[2m)[22m[32m 5[2mms[22m[39m
 [32m✓[39m tests/unit/chord-formatting.test.js [2m([22m[2m3 tests[22m[2m)[22m[32m 5[2mms[22m[39m
 [32m✓[39m tests/unit/scheduler-visuals.test.js [2m([22m[2m2 tests[22m[2m)[22m[32m 5[2mms[22m[39m
 [32m✓[39m tests/unit/system/midi-velocity.test.js [2m([22m[2m3 tests[22m[2m)[22m[32m 4[2mms[22m[39m

[2m Test Files [22m [1m[32m119 passed[39m[22m[90m (119)[39m
[2m      Tests [22m [1m[32m630 passed[39m[22m[90m (630)[39m
[2m   Start at [22m 06:39:28
[2m   Duration [22m 21.61s[2m (transform 2.70s, setup 0ms, import 7.44s, tests 18.72s, environment 16.94s)[22m
